Archive member included to satisfy reference by file (symbol)

c:/st/stm32cubeide_1.7.0/stm32cubeide/plugins/com.st.stm32cube.ide.mcu.externaltools.gnu-tools-for-stm32.9-2020-q2-update.win32_2.0.0.202105311346/tools/bin/../lib/gcc/arm-none-eabi/9.3.1/../../../../arm-none-eabi/lib/thumb/v7e-m+fp/hard\libc_nano.a(lib_a-errno.o)
                              ./Core/Src/syscalls.o (__errno)
c:/st/stm32cubeide_1.7.0/stm32cubeide/plugins/com.st.stm32cube.ide.mcu.externaltools.gnu-tools-for-stm32.9-2020-q2-update.win32_2.0.0.202105311346/tools/bin/../lib/gcc/arm-none-eabi/9.3.1/../../../../arm-none-eabi/lib/thumb/v7e-m+fp/hard\libc_nano.a(lib_a-exit.o)
                              c:/st/stm32cubeide_1.7.0/stm32cubeide/plugins/com.st.stm32cube.ide.mcu.externaltools.gnu-tools-for-stm32.9-2020-q2-update.win32_2.0.0.202105311346/tools/bin/../lib/gcc/arm-none-eabi/9.3.1/../../../../arm-none-eabi/lib/thumb/v7e-m+fp/hard/crt0.o (exit)
c:/st/stm32cubeide_1.7.0/stm32cubeide/plugins/com.st.stm32cube.ide.mcu.externaltools.gnu-tools-for-stm32.9-2020-q2-update.win32_2.0.0.202105311346/tools/bin/../lib/gcc/arm-none-eabi/9.3.1/../../../../arm-none-eabi/lib/thumb/v7e-m+fp/hard\libc_nano.a(lib_a-impure.o)
                              c:/st/stm32cubeide_1.7.0/stm32cubeide/plugins/com.st.stm32cube.ide.mcu.externaltools.gnu-tools-for-stm32.9-2020-q2-update.win32_2.0.0.202105311346/tools/bin/../lib/gcc/arm-none-eabi/9.3.1/../../../../arm-none-eabi/lib/thumb/v7e-m+fp/hard\libc_nano.a(lib_a-exit.o) (_global_impure_ptr)
c:/st/stm32cubeide_1.7.0/stm32cubeide/plugins/com.st.stm32cube.ide.mcu.externaltools.gnu-tools-for-stm32.9-2020-q2-update.win32_2.0.0.202105311346/tools/bin/../lib/gcc/arm-none-eabi/9.3.1/../../../../arm-none-eabi/lib/thumb/v7e-m+fp/hard\libc_nano.a(lib_a-init.o)
                              c:/st/stm32cubeide_1.7.0/stm32cubeide/plugins/com.st.stm32cube.ide.mcu.externaltools.gnu-tools-for-stm32.9-2020-q2-update.win32_2.0.0.202105311346/tools/bin/../lib/gcc/arm-none-eabi/9.3.1/../../../../arm-none-eabi/lib/thumb/v7e-m+fp/hard/crt0.o (__libc_init_array)
c:/st/stm32cubeide_1.7.0/stm32cubeide/plugins/com.st.stm32cube.ide.mcu.externaltools.gnu-tools-for-stm32.9-2020-q2-update.win32_2.0.0.202105311346/tools/bin/../lib/gcc/arm-none-eabi/9.3.1/../../../../arm-none-eabi/lib/thumb/v7e-m+fp/hard\libc_nano.a(lib_a-memset.o)
                              c:/st/stm32cubeide_1.7.0/stm32cubeide/plugins/com.st.stm32cube.ide.mcu.externaltools.gnu-tools-for-stm32.9-2020-q2-update.win32_2.0.0.202105311346/tools/bin/../lib/gcc/arm-none-eabi/9.3.1/../../../../arm-none-eabi/lib/thumb/v7e-m+fp/hard/crt0.o (memset)
c:/st/stm32cubeide_1.7.0/stm32cubeide/plugins/com.st.stm32cube.ide.mcu.externaltools.gnu-tools-for-stm32.9-2020-q2-update.win32_2.0.0.202105311346/tools/bin/../lib/gcc/arm-none-eabi/9.3.1/thumb/v7e-m+fp/hard\libgcc.a(_aeabi_uldivmod.o)
                              ./Drivers/STM32F4xx_HAL_Driver/Src/stm32f4xx_hal_rcc.o (__aeabi_uldivmod)
c:/st/stm32cubeide_1.7.0/stm32cubeide/plugins/com.st.stm32cube.ide.mcu.externaltools.gnu-tools-for-stm32.9-2020-q2-update.win32_2.0.0.202105311346/tools/bin/../lib/gcc/arm-none-eabi/9.3.1/thumb/v7e-m+fp/hard\libgcc.a(_udivmoddi4.o)
                              c:/st/stm32cubeide_1.7.0/stm32cubeide/plugins/com.st.stm32cube.ide.mcu.externaltools.gnu-tools-for-stm32.9-2020-q2-update.win32_2.0.0.202105311346/tools/bin/../lib/gcc/arm-none-eabi/9.3.1/thumb/v7e-m+fp/hard\libgcc.a(_aeabi_uldivmod.o) (__udivmoddi4)
c:/st/stm32cubeide_1.7.0/stm32cubeide/plugins/com.st.stm32cube.ide.mcu.externaltools.gnu-tools-for-stm32.9-2020-q2-update.win32_2.0.0.202105311346/tools/bin/../lib/gcc/arm-none-eabi/9.3.1/thumb/v7e-m+fp/hard\libgcc.a(_dvmd_tls.o)
                              c:/st/stm32cubeide_1.7.0/stm32cubeide/plugins/com.st.stm32cube.ide.mcu.externaltools.gnu-tools-for-stm32.9-2020-q2-update.win32_2.0.0.202105311346/tools/bin/../lib/gcc/arm-none-eabi/9.3.1/thumb/v7e-m+fp/hard\libgcc.a(_aeabi_uldivmod.o) (__aeabi_ldiv0)

Allocating common symbols
Common symbol       size              file

uwTick              0x4               ./Drivers/STM32F4xx_HAL_Driver/Src/stm32f4xx_hal.o
pFlash              0x20              ./Drivers/STM32F4xx_HAL_Driver/Src/stm32f4xx_hal_flash.o
htim6               0x48              ./Core/Src/tim.o

Discarded input sections

 .text          0x0000000000000000        0x0 c:/st/stm32cubeide_1.7.0/stm32cubeide/plugins/com.st.stm32cube.ide.mcu.externaltools.gnu-tools-for-stm32.9-2020-q2-update.win32_2.0.0.202105311346/tools/bin/../lib/gcc/arm-none-eabi/9.3.1/thumb/v7e-m+fp/hard/crti.o
 .data          0x0000000000000000        0x0 c:/st/stm32cubeide_1.7.0/stm32cubeide/plugins/com.st.stm32cube.ide.mcu.externaltools.gnu-tools-for-stm32.9-2020-q2-update.win32_2.0.0.202105311346/tools/bin/../lib/gcc/arm-none-eabi/9.3.1/thumb/v7e-m+fp/hard/crti.o
[...]
Memory Configuration

Name             Origin             Length             Attributes
RAM              0x0000000020000000 0x0000000000020000 xrw
FLASH            0x0000000008000000 0x0000000000080000 xr
*default*        0x0000000000000000 0xffffffffffffffff

Linker script and memory map

LOAD c:/st/stm32cubeide_1.7.0/stm32cubeide/plugins/com.st.stm32cube.ide.mcu.externaltools.gnu-tools-for-stm32.9-2020-q2-update.win32_2.0.0.202105311346/tools/bin/../lib/gcc/arm-none-eabi/9.3.1/thumb/v7e-m+fp/hard/crti.o
LOAD c:/st/stm32cubeide_1.7.0/stm32cubeide/plugins/com.st.stm32cube.ide.mcu.externaltools.gnu-tools-for-stm32.9-2020-q2-update.win32_2.0.0.202105311346/tools/bin/../lib/gcc/arm-none-eabi/9.3.1/thumb/v7e-m+fp/hard/crtbegin.o
LOAD c:/st/stm32cubeide_1.7.0/stm32cubeide/plugins/com.st.stm32cube.ide.mcu.externaltools.gnu-tools-for-stm32.9-2020-q2-update.win32_2.0.0.202105311346/tools/bin/../lib/gcc/arm-none-eabi/9.3.1/../../../../arm-none-eabi/lib/thumb/v7e-m+fp/hard/crt0.o
LOAD ./Core/Src/gpio.o
LOAD ./Core/Src/main.o
LOAD ./Core/Src/stm32f4xx_hal_msp.o
LOAD ./Core/Src/stm32f4xx_it.o
LOAD ./Core/Src/syscalls.o
LOAD ./Core/Src/sysmem.o
LOAD ./Core/Src/system_stm32f4xx.o
LOAD ./Core/Src/tim.o
LOAD ./Core/Startup/startup_stm32f446retx.o
LOAD ./Drivers/STM32F4xx_HAL_Driver/Src/stm32f4xx_hal.o
LOAD ./Drivers/STM32F4xx_HAL_Driver/Src/stm32f4xx_hal_cortex.o
LOAD ./Drivers/STM32F4xx_HAL_Driver/Src/stm32f4xx_hal_dma.o
LOAD ./Drivers/STM32F4xx_HAL_Driver/Src/stm32f4xx_hal_dma_ex.o
LOAD ./Drivers/STM32F4xx_HAL_Driver/Src/stm32f4xx_hal_exti.o
LOAD ./Drivers/STM32F4xx_HAL_Driver/Src/stm32f4xx_hal_flash.o
LOAD ./Drivers/STM32F4xx_HAL_Driver/Src/stm32f4xx_hal_flash_ex.o
LOAD ./Drivers/STM32F4xx_HAL_Driver/Src/stm32f4xx_hal_flash_ramfunc.o
LOAD ./Drivers/STM32F4xx_HAL_Driver/Src/stm32f4xx_hal_gpio.o
LOAD ./Drivers/STM32F4xx_HAL_Driver/Src/stm32f4xx_hal_pwr.o
LOAD ./Drivers/STM32F4xx_HAL_Driver/Src/stm32f4xx_hal_pwr_ex.o
LOAD ./Drivers/STM32F4xx_HAL_Driver/Src/stm32f4xx_hal_rcc.o
LOAD ./Drivers/STM32F4xx_HAL_Driver/Src/stm32f4xx_hal_rcc_ex.o
LOAD ./Drivers/STM32F4xx_HAL_Driver/Src/stm32f4xx_hal_tim.o
LOAD ./Drivers/STM32F4xx_HAL_Driver/Src/stm32f4xx_hal_tim_ex.o
START GROUP
LOAD c:/st/stm32cubeide_1.7.0/stm32cubeide/plugins/com.st.stm32cube.ide.mcu.externaltools.gnu-tools-for-stm32.9-2020-q2-update.win32_2.0.0.202105311346/tools/bin/../lib/gcc/arm-none-eabi/9.3.1/../../../../arm-none-eabi/lib/thumb/v7e-m+fp/hard\libc_nano.a
LOAD c:/st/stm32cubeide_1.7.0/stm32cubeide/plugins/com.st.stm32cube.ide.mcu.externaltools.gnu-tools-for-stm32.9-2020-q2-update.win32_2.0.0.202105311346/tools/bin/../lib/gcc/arm-none-eabi/9.3.1/../../../../arm-none-eabi/lib/thumb/v7e-m+fp/hard\libm.a
END GROUP
START GROUP
LOAD c:/st/stm32cubeide_1.7.0/stm32cubeide/plugins/com.st.stm32cube.ide.mcu.externaltools.gnu-tools-for-stm32.9-2020-q2-update.win32_2.0.0.202105311346/tools/bin/../lib/gcc/arm-none-eabi/9.3.1/thumb/v7e-m+fp/hard\libgcc.a
LOAD c:/st/stm32cubeide_1.7.0/stm32cubeide/plugins/com.st.stm32cube.ide.mcu.externaltools.gnu-tools-for-stm32.9-2020-q2-update.win32_2.0.0.202105311346/tools/bin/../lib/gcc/arm-none-eabi/9.3.1/../../../../arm-none-eabi/lib/thumb/v7e-m+fp/hard\libc_nano.a
END GROUP
START GROUP
LOAD c:/st/stm32cubeide_1.7.0/stm32cubeide/plugins/com.st.stm32cube.ide.mcu.externaltools.gnu-tools-for-stm32.9-2020-q2-update.win32_2.0.0.202105311346/tools/bin/../lib/gcc/arm-none-eabi/9.3.1/thumb/v7e-m+fp/hard\libgcc.a
LOAD c:/st/stm32cubeide_1.7.0/stm32cubeide/plugins/com.st.stm32cube.ide.mcu.externaltools.gnu-tools-for-stm32.9-2020-q2-update.win32_2.0.0.202105311346/tools/bin/../lib/gcc/arm-none-eabi/9.3.1/../../../../arm-none-eabi/lib/thumb/v7e-m+fp/hard\libc_nano.a
LOAD c:/st/stm32cubeide_1.7.0/stm32cubeide/plugins/com.st.stm32cube.ide.mcu.externaltools.gnu-tools-for-stm32.9-2020-q2-update.win32_2.0.0.202105311346/tools/bin/../lib/gcc/arm-none-eabi/9.3.1/../../../../arm-none-eabi/lib/thumb/v7e-m+fp/hard\libnosys.a
END GROUP
START GROUP
LOAD c:/st/stm32cubeide_1.7.0/stm32cubeide/plugins/com.st.stm32cube.ide.mcu.externaltools.gnu-tools-for-stm32.9-2020-q2-update.win32_2.0.0.202105311346/tools/bin/../lib/gcc/arm-none-eabi/9.3.1/thumb/v7e-m+fp/hard\libgcc.a
LOAD c:/st/stm32cubeide_1.7.0/stm32cubeide/plugins/com.st.stm32cube.ide.mcu.externaltools.gnu-tools-for-stm32.9-2020-q2-update.win32_2.0.0.202105311346/tools/bin/../lib/gcc/arm-none-eabi/9.3.1/../../../../arm-none-eabi/lib/thumb/v7e-m+fp/hard\libc_nano.a
LOAD c:/st/stm32cubeide_1.7.0/stm32cubeide/plugins/com.st.stm32cube.ide.mcu.externaltools.gnu-tools-for-stm32.9-2020-q2-update.win32_2.0.0.202105311346/tools/bin/../lib/gcc/arm-none-eabi/9.3.1/../../../../arm-none-eabi/lib/thumb/v7e-m+fp/hard\libnosys.a
END GROUP
LOAD c:/st/stm32cubeide_1.7.0/stm32cubeide/plugins/com.st.stm32cube.ide.mcu.externaltools.gnu-tools-for-stm32.9-2020-q2-update.win32_2.0.0.202105311346/tools/bin/../lib/gcc/arm-none-eabi/9.3.1/thumb/v7e-m+fp/hard/crtend.o
LOAD c:/st/stm32cubeide_1.7.0/stm32cubeide/plugins/com.st.stm32cube.ide.mcu.externaltools.gnu-tools-for-stm32.9-2020-q2-update.win32_2.0.0.202105311346/tools/bin/../lib/gcc/arm-none-eabi/9.3.1/thumb/v7e-m+fp/hard/crtn.o
                0x0000000020020000                _estack = (ORIGIN (RAM) + LENGTH (RAM))
                0x0000000000000200                _Min_Heap_Size = 0x200
                0x0000000000000400                _Min_Stack_Size = 0x400

.isr_vector     0x0000000008000000      0x1c4
                0x0000000008000000                . = ALIGN (0x4)
 *(.isr_vector)
 .isr_vector    0x0000000008000000      0x1c4 ./Core/Startup/startup_stm32f446retx.o
                0x0000000008000000                g_pfnVectors
                0x00000000080001c4                . = ALIGN (0x4)

.text           0x00000000080001c4     0x1da8
                0x00000000080001c4                . = ALIGN (0x4)
 *(.text)
 .text          0x00000000080001c4       0x40 c:/st/stm32cubeide_1.7.0/stm32cubeide/plugins/com.st.stm32cube.ide.mcu.externaltools.gnu-tools-for-stm32.9-2020-q2-update.win32_2.0.0.202105311346/tools/bin/../lib/gcc/arm-none-eabi/9.3.1/thumb/v7e-m+fp/hard/crtbegin.o
 .text          0x0000000008000204       0x30 c:/st/stm32cubeide_1.7.0/stm32cubeide/plugins/com.st.stm32cube.ide.mcu.externaltools.gnu-tools-for-stm32.9-2020-q2-update.win32_2.0.0.202105311346/tools/bin/../lib/gcc/arm-none-eabi/9.3.1/thumb/v7e-m+fp/hard\libgcc.a(_aeabi_uldivmod.o)
                0x0000000008000204                __aeabi_uldivmod
 .text          0x0000000008000234      0x2c4 c:/st/stm32cubeide_1.7.0/stm32cubeide/plugins/com.st.stm32cube.ide.mcu.externaltools.gnu-tools-for-stm32.9-2020-q2-update.win32_2.0.0.202105311346/tools/bin/../lib/gcc/arm-none-eabi/9.3.1/thumb/v7e-m+fp/hard\libgcc.a(_udivmoddi4.o)
                0x0000000008000234                __udivmoddi4
 .text          0x00000000080004f8        0x4 c:/st/stm32cubeide_1.7.0/stm32cubeide/plugins/com.st.stm32cube.ide.mcu.externaltools.gnu-tools-for-stm32.9-2020-q2-update.win32_2.0.0.202105311346/tools/bin/../lib/gcc/arm-none-eabi/9.3.1/thumb/v7e-m+fp/hard\libgcc.a(_dvmd_tls.o)
                0x00000000080004f8                __aeabi_idiv0
                0x00000000080004f8                __aeabi_ldiv0
 *(.text*)
 .text.MX_GPIO_Init
                0x00000000080004fc       0x64 ./Core/Src/gpio.o
                0x00000000080004fc                MX_GPIO_Init
 .text.main     0x0000000008000560       0x20 ./Core/Src/main.o
                0x0000000008000560                main
 .text.SystemClock_Config
                0x0000000008000580       0xc0 ./Core/Src/main.o
                0x0000000008000580                SystemClock_Config
 .text.HAL_TIM_PeriodElapsedCallback
                0x0000000008000640       0x2c ./Core/Src/main.o
                0x0000000008000640                HAL_TIM_PeriodElapsedCallback
 .text.Error_Handler
                0x000000000800066c        0xa ./Core/Src/main.o
                0x000000000800066c                Error_Handler
 *fill*         0x0000000008000676        0x2 
 .text.HAL_MspInit
                0x0000000008000678       0x50 ./Core/Src/stm32f4xx_hal_msp.o
                0x0000000008000678                HAL_MspInit
 .text.NMI_Handler
                0x00000000080006c8        0x6 ./Core/Src/stm32f4xx_it.o
                0x00000000080006c8                NMI_Handler
 .text.HardFault_Handler
                0x00000000080006ce        0x6 ./Core/Src/stm32f4xx_it.o
                0x00000000080006ce                HardFault_Handler
 .text.MemManage_Handler
                0x00000000080006d4        0x6 ./Core/Src/stm32f4xx_it.o
                0x00000000080006d4                MemManage_Handler
 .text.BusFault_Handler
                0x00000000080006da        0x6 ./Core/Src/stm32f4xx_it.o
                0x00000000080006da                BusFault_Handler
 .text.UsageFault_Handler
                0x00000000080006e0        0x6 ./Core/Src/stm32f4xx_it.o
                0x00000000080006e0                UsageFault_Handler
 .text.SVC_Handler
                0x00000000080006e6        0xe ./Core/Src/stm32f4xx_it.o
                0x00000000080006e6                SVC_Handler
 .text.DebugMon_Handler
                0x00000000080006f4        0xe ./Core/Src/stm32f4xx_it.o
                0x00000000080006f4                DebugMon_Handler
 .text.PendSV_Handler
                0x0000000008000702        0xe ./Core/Src/stm32f4xx_it.o
                0x0000000008000702                PendSV_Handler
 .text.SysTick_Handler
                0x0000000008000710        0xc ./Core/Src/stm32f4xx_it.o
                0x0000000008000710                SysTick_Handler
 .text.TIM6_DAC_IRQHandler
                0x000000000800071c       0x14 ./Core/Src/stm32f4xx_it.o
                0x000000000800071c                TIM6_DAC_IRQHandler
 .text.SystemInit
                0x0000000008000730       0x24 ./Core/Src/system_stm32f4xx.o
                0x0000000008000730                SystemInit
 .text.MX_TIM6_Init
                0x0000000008000754       0x6c ./Core/Src/tim.o
                0x0000000008000754                MX_TIM6_Init
 .text.HAL_TIM_Base_MspInit
                0x00000000080007c0       0x50 ./Core/Src/tim.o
                0x00000000080007c0                HAL_TIM_Base_MspInit
 .text.Reset_Handler
                0x0000000008000810       0x50 ./Core/Startup/startup_stm32f446retx.o
                0x0000000008000810                Reset_Handler
 .text.Default_Handler
                0x0000000008000860        0x2 ./Core/Startup/startup_stm32f446retx.o
                0x0000000008000860                RTC_Alarm_IRQHandler
                0x0000000008000860                EXTI2_IRQHandler
                0x0000000008000860                TIM8_CC_IRQHandler
                0x0000000008000860                FMPI2C1_EV_IRQHandler
                0x0000000008000860                SPI4_IRQHandler
                0x0000000008000860                TIM1_CC_IRQHandler
                0x0000000008000860                DMA2_Stream5_IRQHandler
                0x0000000008000860                DMA1_Stream5_IRQHandler
                0x0000000008000860                PVD_IRQHandler
                0x0000000008000860                SDIO_IRQHandler
                0x0000000008000860                TAMP_STAMP_IRQHandler
                0x0000000008000860                CAN2_RX1_IRQHandler
                0x0000000008000860                EXTI3_IRQHandler
                0x0000000008000860                TIM8_TRG_COM_TIM14_IRQHandler
                0x0000000008000860                TIM1_UP_TIM10_IRQHandler
                0x0000000008000860                TIM8_UP_TIM13_IRQHandler
                0x0000000008000860                I2C3_ER_IRQHandler
                0x0000000008000860                EXTI0_IRQHandler
                0x0000000008000860                I2C2_EV_IRQHandler
                0x0000000008000860                DMA1_Stream2_IRQHandler
                0x0000000008000860                CAN1_RX0_IRQHandler
                0x0000000008000860                FPU_IRQHandler
                0x0000000008000860                OTG_HS_WKUP_IRQHandler
                0x0000000008000860                CAN2_SCE_IRQHandler
                0x0000000008000860                DMA2_Stream2_IRQHandler
                0x0000000008000860                SPI1_IRQHandler
                0x0000000008000860                TIM1_BRK_TIM9_IRQHandler
                0x0000000008000860                DCMI_IRQHandler
                0x0000000008000860                CAN2_RX0_IRQHandler
                0x0000000008000860                DMA2_Stream3_IRQHandler
                0x0000000008000860                SAI2_IRQHandler
                0x0000000008000860                USART6_IRQHandler
                0x0000000008000860                USART3_IRQHandler
                0x0000000008000860                CAN1_RX1_IRQHandler
                0x0000000008000860                UART5_IRQHandler
                0x0000000008000860                DMA2_Stream0_IRQHandler
                0x0000000008000860                TIM4_IRQHandler
                0x0000000008000860                QUADSPI_IRQHandler
                0x0000000008000860                I2C1_EV_IRQHandler
                0x0000000008000860                DMA1_Stream6_IRQHandler
                0x0000000008000860                DMA1_Stream1_IRQHandler
                0x0000000008000860                UART4_IRQHandler
                0x0000000008000860                TIM3_IRQHandler
                0x0000000008000860                RCC_IRQHandler
                0x0000000008000860                TIM8_BRK_TIM12_IRQHandler
                0x0000000008000860                Default_Handler
                0x0000000008000860                CEC_IRQHandler
                0x0000000008000860                EXTI15_10_IRQHandler
                0x0000000008000860                ADC_IRQHandler
                0x0000000008000860                DMA1_Stream7_IRQHandler
                0x0000000008000860                TIM7_IRQHandler
                0x0000000008000860                CAN2_TX_IRQHandler
                0x0000000008000860                TIM5_IRQHandler
                0x0000000008000860                DMA2_Stream7_IRQHandler
                0x0000000008000860                I2C3_EV_IRQHandler
                0x0000000008000860                EXTI9_5_IRQHandler
                0x0000000008000860                RTC_WKUP_IRQHandler
                0x0000000008000860                SPDIF_RX_IRQHandler
                0x0000000008000860                SPI2_IRQHandler
                0x0000000008000860                OTG_HS_EP1_IN_IRQHandler
                0x0000000008000860                DMA1_Stream0_IRQHandler
                0x0000000008000860                CAN1_TX_IRQHandler
                0x0000000008000860                FMPI2C1_ER_IRQHandler
                0x0000000008000860                EXTI4_IRQHandler
                0x0000000008000860                OTG_HS_EP1_OUT_IRQHandler
                0x0000000008000860                WWDG_IRQHandler
                0x0000000008000860                TIM2_IRQHandler
                0x0000000008000860                OTG_FS_WKUP_IRQHandler
                0x0000000008000860                TIM1_TRG_COM_TIM11_IRQHandler
                0x0000000008000860                OTG_HS_IRQHandler
                0x0000000008000860                EXTI1_IRQHandler
                0x0000000008000860                USART2_IRQHandler
                0x0000000008000860                I2C2_ER_IRQHandler
                0x0000000008000860                DMA2_Stream1_IRQHandler
                0x0000000008000860                CAN1_SCE_IRQHandler
                0x0000000008000860                FLASH_IRQHandler
                0x0000000008000860                DMA2_Stream4_IRQHandler
                0x0000000008000860                USART1_IRQHandler
                0x0000000008000860                OTG_FS_IRQHandler
                0x0000000008000860                SPI3_IRQHandler
                0x0000000008000860                DMA1_Stream4_IRQHandler
                0x0000000008000860                I2C1_ER_IRQHandler
                0x0000000008000860                FMC_IRQHandler
                0x0000000008000860                DMA2_Stream6_IRQHandler
                0x0000000008000860                SAI1_IRQHandler
                0x0000000008000860                DMA1_Stream3_IRQHandler
 *fill*         0x0000000008000862        0x2 
 .text.HAL_Init
                0x0000000008000864       0x44 ./Drivers/STM32F4xx_HAL_Driver/Src/stm32f4xx_hal.o
                0x0000000008000864                HAL_Init
 .text.HAL_InitTick
                0x00000000080008a8       0x60 ./Drivers/STM32F4xx_HAL_Driver/Src/stm32f4xx_hal.o
                0x00000000080008a8                HAL_InitTick
 .text.HAL_IncTick
                0x0000000008000908       0x28 ./Drivers/STM32F4xx_HAL_Driver/Src/stm32f4xx_hal.o
                0x0000000008000908                HAL_IncTick
 .text.HAL_GetTick
                0x0000000008000930       0x18 ./Drivers/STM32F4xx_HAL_Driver/Src/stm32f4xx_hal.o
                0x0000000008000930                HAL_GetTick
 .text.__NVIC_SetPriorityGrouping
                0x0000000008000948       0x48 ./Drivers/STM32F4xx_HAL_Driver/Src/stm32f4xx_hal_cortex.o
 .text.__NVIC_GetPriorityGrouping
                0x0000000008000990       0x1c ./Drivers/STM32F4xx_HAL_Driver/Src/stm32f4xx_hal_cortex.o
 .text.__NVIC_EnableIRQ
                0x00000000080009ac       0x3c ./Drivers/STM32F4xx_HAL_Driver/Src/stm32f4xx_hal_cortex.o
 .text.__NVIC_SetPriority
                0x00000000080009e8       0x54 ./Drivers/STM32F4xx_HAL_Driver/Src/stm32f4xx_hal_cortex.o
 .text.NVIC_EncodePriority
                0x0000000008000a3c       0x66 ./Drivers/STM32F4xx_HAL_Driver/Src/stm32f4xx_hal_cortex.o
 *fill*         0x0000000008000aa2        0x2 
 .text.SysTick_Config
                0x0000000008000aa4       0x44 ./Drivers/STM32F4xx_HAL_Driver/Src/stm32f4xx_hal_cortex.o
 .text.HAL_NVIC_SetPriorityGrouping
                0x0000000008000ae8       0x16 ./Drivers/STM32F4xx_HAL_Driver/Src/stm32f4xx_hal_cortex.o
                0x0000000008000ae8                HAL_NVIC_SetPriorityGrouping
 .text.HAL_NVIC_SetPriority
                0x0000000008000afe       0x38 ./Drivers/STM32F4xx_HAL_Driver/Src/stm32f4xx_hal_cortex.o
                0x0000000008000afe                HAL_NVIC_SetPriority
 .text.HAL_NVIC_EnableIRQ
                0x0000000008000b36       0x1c ./Drivers/STM32F4xx_HAL_Driver/Src/stm32f4xx_hal_cortex.o
                0x0000000008000b36                HAL_NVIC_EnableIRQ
 .text.HAL_SYSTICK_Config
                0x0000000008000b52       0x18 ./Drivers/STM32F4xx_HAL_Driver/Src/stm32f4xx_hal_cortex.o
                0x0000000008000b52                HAL_SYSTICK_Config
 *fill*         0x0000000008000b6a        0x2 
 .text.HAL_GPIO_Init
                0x0000000008000b6c      0x328 ./Drivers/STM32F4xx_HAL_Driver/Src/stm32f4xx_hal_gpio.o
                0x0000000008000b6c                HAL_GPIO_Init
 .text.HAL_GPIO_WritePin
                0x0000000008000e94       0x32 ./Drivers/STM32F4xx_HAL_Driver/Src/stm32f4xx_hal_gpio.o
                0x0000000008000e94                HAL_GPIO_WritePin
 .text.HAL_GPIO_TogglePin
                0x0000000008000ec6       0x34 ./Drivers/STM32F4xx_HAL_Driver/Src/stm32f4xx_hal_gpio.o
                0x0000000008000ec6                HAL_GPIO_TogglePin
 *fill*         0x0000000008000efa        0x2 
 .text.HAL_RCC_ClockConfig
                0x0000000008000efc      0x1cc ./Drivers/STM32F4xx_HAL_Driver/Src/stm32f4xx_hal_rcc.o
                0x0000000008000efc                HAL_RCC_ClockConfig
 .text.HAL_RCC_GetSysClockFreq
                0x00000000080010c8      0x2b8 ./Drivers/STM32F4xx_HAL_Driver/Src/stm32f4xx_hal_rcc_ex.o
                0x00000000080010c8                HAL_RCC_GetSysClockFreq
 .text.HAL_RCC_OscConfig
                0x0000000008001380      0x53c ./Drivers/STM32F4xx_HAL_Driver/Src/stm32f4xx_hal_rcc_ex.o
                0x0000000008001380                HAL_RCC_OscConfig
 .text.HAL_TIM_Base_Init
                0x00000000080018bc       0x9e ./Drivers/STM32F4xx_HAL_Driver/Src/stm32f4xx_hal_tim.o
                0x00000000080018bc                HAL_TIM_Base_Init
 *fill*         0x000000000800195a        0x2 
 .text.HAL_TIM_Base_Start_IT
                0x000000000800195c       0xe0 ./Drivers/STM32F4xx_HAL_Driver/Src/stm32f4xx_hal_tim.o
                0x000000000800195c                HAL_TIM_Base_Start_IT
 .text.HAL_TIM_IRQHandler
                0x0000000008001a3c      0x210 ./Drivers/STM32F4xx_HAL_Driver/Src/stm32f4xx_hal_tim.o
                0x0000000008001a3c                HAL_TIM_IRQHandler
 .text.HAL_TIM_OC_DelayElapsedCallback
                0x0000000008001c4c       0x14 ./Drivers/STM32F4xx_HAL_Driver/Src/stm32f4xx_hal_tim.o
                0x0000000008001c4c                HAL_TIM_OC_DelayElapsedCallback
 .text.HAL_TIM_IC_CaptureCallback
                0x0000000008001c60       0x14 ./Drivers/STM32F4xx_HAL_Driver/Src/stm32f4xx_hal_tim.o
                0x0000000008001c60                HAL_TIM_IC_CaptureCallback
 .text.HAL_TIM_PWM_PulseFinishedCallback
                0x0000000008001c74       0x14 ./Drivers/STM32F4xx_HAL_Driver/Src/stm32f4xx_hal_tim.o
                0x0000000008001c74                HAL_TIM_PWM_PulseFinishedCallback
 .text.HAL_TIM_TriggerCallback
                0x0000000008001c88       0x14 ./Drivers/STM32F4xx_HAL_Driver/Src/stm32f4xx_hal_tim.o
                0x0000000008001c88                HAL_TIM_TriggerCallback
 .text.TIM_Base_SetConfig
                0x0000000008001c9c      0x140 ./Drivers/STM32F4xx_HAL_Driver/Src/stm32f4xx_hal_tim.o
                0x0000000008001c9c                TIM_Base_SetConfig
 .text.HAL_TIMEx_MasterConfigSynchronization
                0x0000000008001ddc       0xf8 ./Drivers/STM32F4xx_HAL_Driver/Src/stm32f4xx_hal_tim_ex.o
                0x0000000008001ddc                HAL_TIMEx_MasterConfigSynchronization
 .text.HAL_TIMEx_CommutCallback
                0x0000000008001ed4       0x14 ./Drivers/STM32F4xx_HAL_Driver/Src/stm32f4xx_hal_tim_ex.o
                0x0000000008001ed4                HAL_TIMEx_CommutCallback
 .text.HAL_TIMEx_BreakCallback
                0x0000000008001ee8       0x14 ./Drivers/STM32F4xx_HAL_Driver/Src/stm32f4xx_hal_tim_ex.o
                0x0000000008001ee8                HAL_TIMEx_BreakCallback
 .text.__libc_init_array
                0x0000000008001efc       0x48 c:/st/stm32cubeide_1.7.0/stm32cubeide/plugins/com.st.stm32cube.ide.mcu.externaltools.gnu-tools-for-stm32.9-2020-q2-update.win32_2.0.0.202105311346/tools/bin/../lib/gcc/arm-none-eabi/9.3.1/../../../../arm-none-eabi/lib/thumb/v7e-m+fp/hard\libc_nano.a(lib_a-init.o)
                0x0000000008001efc                __libc_init_array
 .text.memset   0x0000000008001f44       0x10 c:/st/stm32cubeide_1.7.0/stm32cubeide/plugins/com.st.stm32cube.ide.mcu.externaltools.gnu-tools-for-stm32.9-2020-q2-update.win32_2.0.0.202105311346/tools/bin/../lib/gcc/arm-none-eabi/9.3.1/../../../../arm-none-eabi/lib/thumb/v7e-m+fp/hard\libc_nano.a(lib_a-memset.o)
                0x0000000008001f44                memset
 *(.glue_7)
 .glue_7        0x0000000008001f54        0x0 linker stubs
 *(.glue_7t)
 .glue_7t       0x0000000008001f54        0x0 linker stubs
 *(.eh_frame)
 .eh_frame      0x0000000008001f54        0x0 c:/st/stm32cubeide_1.7.0/stm32cubeide/plugins/com.st.stm32cube.ide.mcu.externaltools.gnu-tools-for-stm32.9-2020-q2-update.win32_2.0.0.202105311346/tools/bin/../lib/gcc/arm-none-eabi/9.3.1/thumb/v7e-m+fp/hard/crtbegin.o
 *(.init)
 .init          0x0000000008001f54        0x4 c:/st/stm32cubeide_1.7.0/stm32cubeide/plugins/com.st.stm32cube.ide.mcu.externaltools.gnu-tools-for-stm32.9-2020-q2-update.win32_2.0.0.202105311346/tools/bin/../lib/gcc/arm-none-eabi/9.3.1/thumb/v7e-m+fp/hard/crti.o
                0x0000000008001f54                _init
 .init          0x0000000008001f58        0x8 c:/st/stm32cubeide_1.7.0/stm32cubeide/plugins/com.st.stm32cube.ide.mcu.externaltools.gnu-tools-for-stm32.9-2020-q2-update.win32_2.0.0.202105311346/tools/bin/../lib/gcc/arm-none-eabi/9.3.1/thumb/v7e-m+fp/hard/crtn.o
 *(.fini)
 .fini          0x0000000008001f60        0x4 c:/st/stm32cubeide_1.7.0/stm32cubeide/plugins/com.st.stm32cube.ide.mcu.externaltools.gnu-tools-for-stm32.9-2020-q2-update.win32_2.0.0.202105311346/tools/bin/../lib/gcc/arm-none-eabi/9.3.1/thumb/v7e-m+fp/hard/crti.o
                0x0000000008001f60                _fini
 .fini          0x0000000008001f64        0x8 c:/st/stm32cubeide_1.7.0/stm32cubeide/plugins/com.st.stm32cube.ide.mcu.externaltools.gnu-tools-for-stm32.9-2020-q2-update.win32_2.0.0.202105311346/tools/bin/../lib/gcc/arm-none-eabi/9.3.1/thumb/v7e-m+fp/hard/crtn.o
                0x0000000008001f6c                . = ALIGN (0x4)
                0x0000000008001f6c                _etext = .

.vfp11_veneer   0x0000000008001f6c        0x0
 .vfp11_veneer  0x0000000008001f6c        0x0 linker stubs

.v4_bx          0x0000000008001f6c        0x0
 .v4_bx         0x0000000008001f6c        0x0 linker stubs

.iplt           0x0000000008001f6c        0x0
 .iplt          0x0000000008001f6c        0x0 c:/st/stm32cubeide_1.7.0/stm32cubeide/plugins/com.st.stm32cube.ide.mcu.externaltools.gnu-tools-for-stm32.9-2020-q2-update.win32_2.0.0.202105311346/tools/bin/../lib/gcc/arm-none-eabi/9.3.1/thumb/v7e-m+fp/hard/crtbegin.o

.rodata         0x0000000008001f6c       0x10
                0x0000000008001f6c                . = ALIGN (0x4)
 *(.rodata)
 *(.rodata*)
 .rodata.AHBPrescTable
                0x0000000008001f6c       0x10 ./Core/Src/system_stm32f4xx.o
                0x0000000008001f6c                AHBPrescTable
                0x0000000008001f7c                . = ALIGN (0x4)

.ARM.extab      0x0000000008001f7c        0x0
                0x0000000008001f7c                . = ALIGN (0x4)
 *(.ARM.extab* .gnu.linkonce.armextab.*)
                0x0000000008001f7c                . = ALIGN (0x4)

.ARM            0x0000000008001f7c        0x8
                0x0000000008001f7c                . = ALIGN (0x4)
                0x0000000008001f7c                __exidx_start = .
 *(.ARM.exidx*)
 .ARM.exidx     0x0000000008001f7c        0x8 c:/st/stm32cubeide_1.7.0/stm32cubeide/plugins/com.st.stm32cube.ide.mcu.externaltools.gnu-tools-for-stm32.9-2020-q2-update.win32_2.0.0.202105311346/tools/bin/../lib/gcc/arm-none-eabi/9.3.1/thumb/v7e-m+fp/hard\libgcc.a(_udivmoddi4.o)
                0x0000000008001f84                __exidx_end = .
                0x0000000008001f84                . = ALIGN (0x4)

.rel.dyn        0x0000000008001f84        0x0
 .rel.iplt      0x0000000008001f84        0x0 c:/st/stm32cubeide_1.7.0/stm32cubeide/plugins/com.st.stm32cube.ide.mcu.externaltools.gnu-tools-for-stm32.9-2020-q2-update.win32_2.0.0.202105311346/tools/bin/../lib/gcc/arm-none-eabi/9.3.1/thumb/v7e-m+fp/hard/crtbegin.o

.preinit_array  0x0000000008001f84        0x0
                0x0000000008001f84                . = ALIGN (0x4)
                0x0000000008001f84                PROVIDE (__preinit_array_start = .)
 *(.preinit_array*)
                0x0000000008001f84                PROVIDE (__preinit_array_end = .)
                0x0000000008001f84                . = ALIGN (0x4)

.init_array     0x0000000008001f84        0x4
                0x0000000008001f84                . = ALIGN (0x4)
                0x0000000008001f84                PROVIDE (__init_array_start = .)
 *(SORT_BY_NAME(.init_array.*))
 *(.init_array*)
 .init_array    0x0000000008001f84        0x4 c:/st/stm32cubeide_1.7.0/stm32cubeide/plugins/com.st.stm32cube.ide.mcu.externaltools.gnu-tools-for-stm32.9-2020-q2-update.win32_2.0.0.202105311346/tools/bin/../lib/gcc/arm-none-eabi/9.3.1/thumb/v7e-m+fp/hard/crtbegin.o
                0x0000000008001f88                PROVIDE (__init_array_end = .)
                0x0000000008001f88                . = ALIGN (0x4)

.fini_array     0x0000000008001f88        0x4
                0x0000000008001f88                . = ALIGN (0x4)
                [!provide]                        PROVIDE (__fini_array_start = .)
 *(SORT_BY_NAME(.fini_array.*))
 *(.fini_array*)
 .fini_array    0x0000000008001f88        0x4 c:/st/stm32cubeide_1.7.0/stm32cubeide/plugins/com.st.stm32cube.ide.mcu.externaltools.gnu-tools-for-stm32.9-2020-q2-update.win32_2.0.0.202105311346/tools/bin/../lib/gcc/arm-none-eabi/9.3.1/thumb/v7e-m+fp/hard/crtbegin.o
                [!provide]                        PROVIDE (__fini_array_end = .)
                0x0000000008001f8c                . = ALIGN (0x4)
                0x0000000008001f8c                _sidata = LOADADDR (.data)

.data           0x0000000020000000        0xc load address 0x0000000008001f8c
                0x0000000020000000                . = ALIGN (0x4)
                0x0000000020000000                _sdata = .
 *(.data)
 *(.data*)
 .data.SystemCoreClock
                0x0000000020000000        0x4 ./Core/Src/system_stm32f4xx.o
                0x0000000020000000                SystemCoreClock
 .data.uwTickPrio
                0x0000000020000004        0x4 ./Drivers/STM32F4xx_HAL_Driver/Src/stm32f4xx_hal.o
                0x0000000020000004                uwTickPrio
 .data.uwTickFreq
                0x0000000020000008        0x1 ./Drivers/STM32F4xx_HAL_Driver/Src/stm32f4xx_hal.o
                0x0000000020000008                uwTickFreq
 *(.RamFunc)
 *(.RamFunc*)
                0x000000002000000c                . = ALIGN (0x4)
 *fill*         0x0000000020000009        0x3 
                0x000000002000000c                _edata = .

.igot.plt       0x000000002000000c        0x0 load address 0x0000000008001f98
 .igot.plt      0x000000002000000c        0x0 c:/st/stm32cubeide_1.7.0/stm32cubeide/plugins/com.st.stm32cube.ide.mcu.externaltools.gnu-tools-for-stm32.9-2020-q2-update.win32_2.0.0.202105311346/tools/bin/../lib/gcc/arm-none-eabi/9.3.1/thumb/v7e-m+fp/hard/crtbegin.o
                0x000000002000000c                . = ALIGN (0x4)

.bss            0x000000002000000c       0x68 load address 0x0000000008001f98
                0x000000002000000c                _sbss = .
                0x000000002000000c                __bss_start__ = _sbss
 *(.bss)
 .bss           0x000000002000000c       0x1c c:/st/stm32cubeide_1.7.0/stm32cubeide/plugins/com.st.stm32cube.ide.mcu.externaltools.gnu-tools-for-stm32.9-2020-q2-update.win32_2.0.0.202105311346/tools/bin/../lib/gcc/arm-none-eabi/9.3.1/thumb/v7e-m+fp/hard/crtbegin.o
 *(.bss*)
 *(COMMON)
 COMMON         0x0000000020000028       0x48 ./Core/Src/tim.o
                0x0000000020000028                htim6
 COMMON         0x0000000020000070        0x4 ./Drivers/STM32F4xx_HAL_Driver/Src/stm32f4xx_hal.o
                0x0000000020000070                uwTick
                0x0000000020000074                . = ALIGN (0x4)
                0x0000000020000074                _ebss = .
                0x0000000020000074                __bss_end__ = _ebss

._user_heap_stack
                0x0000000020000074      0x604 load address 0x0000000008001f98
                0x0000000020000078                . = ALIGN (0x8)
 *fill*         0x0000000020000074        0x4 
                [!provide]                        PROVIDE (end = .)
                0x0000000020000078                PROVIDE (_end = .)
                0x0000000020000278                . = (. + _Min_Heap_Size)
 *fill*         0x0000000020000078      0x200 
                0x0000000020000678                . = (. + _Min_Stack_Size)
 *fill*         0x0000000020000278      0x400 
                0x0000000020000678                . = ALIGN (0x8)

/DISCARD/
 libc.a(*)
 libm.a(*)
 libgcc.a(*)

.ARM.attributes
                0x0000000000000000       0x30
 *(.ARM.attributes)
 .ARM.attributes
                0x0000000000000000       0x1e c:/st/stm32cubeide_1.7.0/stm32cubeide/plugins/com.st.stm32cube.ide.mcu.externaltools.gnu-tools-for-stm32.9-2020-q2-update.win32_2.0.0.202105311346/tools/bin/../lib/gcc/arm-none-eabi/9.3.1/thumb/v7e-m+fp/hard/crti.o
 .ARM.attributes
                0x000000000000001e       0x34 c:/st/stm32cubeide_1.7.0/stm32cubeide/plugins/com.st.stm32cube.ide.mcu.externaltools.gnu-tools-for-stm32.9-2020-q2-update.win32_2.0.0.202105311346/tools/bin/../lib/gcc/arm-none-eabi/9.3.1/thumb/v7e-m+fp/hard/crtbegin.o
 .ARM.attributes
                0x0000000000000052       0x34 ./Core/Src/gpio.o
 .ARM.attributes
                0x0000000000000086       0x34 ./Core/Src/main.o
 .ARM.attributes
                0x00000000000000ba       0x34 ./Core/Src/stm32f4xx_hal_msp.o
 .ARM.attributes
                0x00000000000000ee       0x34 ./Core/Src/stm32f4xx_it.o
 .ARM.attributes
                0x0000000000000122       0x34 ./Core/Src/system_stm32f4xx.o
 .ARM.attributes
                0x0000000000000156       0x34 ./Core/Src/tim.o
 .ARM.attributes
                0x000000000000018a       0x21 ./Core/Startup/startup_stm32f446retx.o
 .ARM.attributes
                0x00000000000001ab       0x34 ./Drivers/STM32F4xx_HAL_Driver/Src/stm32f4xx_hal.o
 .ARM.attributes
                0x00000000000001df       0x34 ./Drivers/STM32F4xx_HAL_Driver/Src/stm32f4xx_hal_cortex.o
 .ARM.attributes
                0x0000000000000213       0x34 ./Drivers/STM32F4xx_HAL_Driver/Src/stm32f4xx_hal_gpio.o
 .ARM.attributes
                0x0000000000000247       0x34 ./Drivers/STM32F4xx_HAL_Driver/Src/stm32f4xx_hal_rcc.o
 .ARM.attributes
                0x000000000000027b       0x34 ./Drivers/STM32F4xx_HAL_Driver/Src/stm32f4xx_hal_rcc_ex.o
 .ARM.attributes
                0x00000000000002af       0x34 ./Drivers/STM32F4xx_HAL_Driver/Src/stm32f4xx_hal_tim.o
 .ARM.attributes
                0x00000000000002e3       0x34 ./Drivers/STM32F4xx_HAL_Driver/Src/stm32f4xx_hal_tim_ex.o
 .ARM.attributes
                0x0000000000000317       0x34 c:/st/stm32cubeide_1.7.0/stm32cubeide/plugins/com.st.stm32cube.ide.mcu.externaltools.gnu-tools-for-stm32.9-2020-q2-update.win32_2.0.0.202105311346/tools/bin/../lib/gcc/arm-none-eabi/9.3.1/../../../../arm-none-eabi/lib/thumb/v7e-m+fp/hard\libc_nano.a(lib_a-init.o)
 .ARM.attributes
                0x000000000000034b       0x34 c:/st/stm32cubeide_1.7.0/stm32cubeide/plugins/com.st.stm32cube.ide.mcu.externaltools.gnu-tools-for-stm32.9-2020-q2-update.win32_2.0.0.202105311346/tools/bin/../lib/gcc/arm-none-eabi/9.3.1/../../../../arm-none-eabi/lib/thumb/v7e-m+fp/hard\libc_nano.a(lib_a-memset.o)
 .ARM.attributes
                0x000000000000037f       0x1e c:/st/stm32cubeide_1.7.0/stm32cubeide/plugins/com.st.stm32cube.ide.mcu.externaltools.gnu-tools-for-stm32.9-2020-q2-update.win32_2.0.0.202105311346/tools/bin/../lib/gcc/arm-none-eabi/9.3.1/thumb/v7e-m+fp/hard\libgcc.a(_aeabi_uldivmod.o)
 .ARM.attributes
                0x000000000000039d       0x34 c:/st/stm32cubeide_1.7.0/stm32cubeide/plugins/com.st.stm32cube.ide.mcu.externaltools.gnu-tools-for-stm32.9-2020-q2-update.win32_2.0.0.202105311346/tools/bin/../lib/gcc/arm-none-eabi/9.3.1/thumb/v7e-m+fp/hard\libgcc.a(_udivmoddi4.o)
 .ARM.attributes
                0x00000000000003d1       0x1e c:/st/stm32cubeide_1.7.0/stm32cubeide/plugins/com.st.stm32cube.ide.mcu.externaltools.gnu-tools-for-stm32.9-2020-q2-update.win32_2.0.0.202105311346/tools/bin/../lib/gcc/arm-none-eabi/9.3.1/thumb/v7e-m+fp/hard\libgcc.a(_dvmd_tls.o)
 .ARM.attributes
                0x00000000000003ef       0x1e c:/st/stm32cubeide_1.7.0/stm32cubeide/plugins/com.st.stm32cube.ide.mcu.externaltools.gnu-tools-for-stm32.9-2020-q2-update.win32_2.0.0.202105311346/tools/bin/../lib/gcc/arm-none-eabi/9.3.1/thumb/v7e-m+fp/hard/crtn.o
OUTPUT(project_meindi.elf elf32-littlearm)
LOAD linker stubs
LOAD c:/st/stm32cubeide_1.7.0/stm32cubeide/plugins/com.st.stm32cube.ide.mcu.externaltools.gnu-tools-for-stm32.9-2020-q2-update.win32_2.0.0.202105311346/tools/bin/../lib/gcc/arm-none-eabi/9.3.1/../../../../arm-none-eabi/lib/thumb/v7e-m+fp/hard\libc.a
LOAD c:/st/stm32cubeide_1.7.0/stm32cubeide/plugins/com.st.stm32cube.ide.mcu.externaltools.gnu-tools-for-stm32.9-2020-q2-update.win32_2.0.0.202105311346/tools/bin/../lib/gcc/arm-none-eabi/9.3.1/../../../../arm-none-eabi/lib/thumb/v7e-m+fp/hard\libm.a
LOAD c:/st/stm32cubeide_1.7.0/stm32cubeide/plugins/com.st.stm32cube.ide.mcu.externaltools.gnu-tools-for-stm32.9-2020-q2-update.win32_2.0.0.202105311346/tools/bin/../lib/gcc/arm-none-eabi/9.3.1/thumb/v7e-m+fp/hard\libgcc.a

.debug_info     0x0000000000000000     0xa77d
 .debug_info    0x0000000000000000      0x4f3 ./Core/Src/gpio.o
 .debug_info    0x00000000000004f3      0xc86 ./Core/Src/main.o
 .debug_info    0x0000000000001179      0x3cc ./Core/Src/stm32f4xx_hal_msp.o
 .debug_info    0x0000000000001545      0x801 ./Core/Src/stm32f4xx_it.o
 .debug_info    0x0000000000001d46      0x5dc ./Core/Src/system_stm32f4xx.o
 .debug_info    0x0000000000002322      0xc85 ./Core/Src/tim.o
 .debug_info    0x0000000000002fa7       0x22 ./Core/Startup/startup_stm32f446retx.o
 .debug_info    0x0000000000002fc9      0xa08 ./Drivers/STM32F4xx_HAL_Driver/Src/stm32f4xx_hal.o
 .debug_info    0x00000000000039d1      0xef5 ./Drivers/STM32F4xx_HAL_Driver/Src/stm32f4xx_hal_cortex.o
 .debug_info    0x00000000000048c6      0x892 ./Drivers/STM32F4xx_HAL_Driver/Src/stm32f4xx_hal_gpio.o
 .debug_info    0x0000000000005158      0x9db ./Drivers/STM32F4xx_HAL_Driver/Src/stm32f4xx_hal_rcc.o
 .debug_info    0x0000000000005b33      0xa86 ./Drivers/STM32F4xx_HAL_Driver/Src/stm32f4xx_hal_rcc_ex.o
 .debug_info    0x00000000000065b9     0x2c22 ./Drivers/STM32F4xx_HAL_Driver/Src/stm32f4xx_hal_tim.o
 .debug_info    0x00000000000091db     0x15a2 ./Drivers/STM32F4xx_HAL_Driver/Src/stm32f4xx_hal_tim_ex.o

.debug_abbrev   0x0000000000000000     0x191c
 .debug_abbrev  0x0000000000000000      0x143 ./Core/Src/gpio.o
 .debug_abbrev  0x0000000000000143      0x1ff ./Core/Src/main.o
 .debug_abbrev  0x0000000000000342      0x11d ./Core/Src/stm32f4xx_hal_msp.o
 .debug_abbrev  0x000000000000045f      0x176 ./Core/Src/stm32f4xx_it.o
 .debug_abbrev  0x00000000000005d5      0x145 ./Core/Src/system_stm32f4xx.o
 .debug_abbrev  0x000000000000071a      0x1bb ./Core/Src/tim.o
 .debug_abbrev  0x00000000000008d5       0x12 ./Core/Startup/startup_stm32f446retx.o
 .debug_abbrev  0x00000000000008e7      0x1ed ./Drivers/STM32F4xx_HAL_Driver/Src/stm32f4xx_hal.o
 .debug_abbrev  0x0000000000000ad4      0x33c ./Drivers/STM32F4xx_HAL_Driver/Src/stm32f4xx_hal_cortex.o
 .debug_abbrev  0x0000000000000e10      0x1f1 ./Drivers/STM32F4xx_HAL_Driver/Src/stm32f4xx_hal_gpio.o
 .debug_abbrev  0x0000000000001001      0x275 ./Drivers/STM32F4xx_HAL_Driver/Src/stm32f4xx_hal_rcc.o
 .debug_abbrev  0x0000000000001276      0x1e2 ./Drivers/STM32F4xx_HAL_Driver/Src/stm32f4xx_hal_rcc_ex.o
 .debug_abbrev  0x0000000000001458      0x25e ./Drivers/STM32F4xx_HAL_Driver/Src/stm32f4xx_hal_tim.o
 .debug_abbrev  0x00000000000016b6      0x266 ./Drivers/STM32F4xx_HAL_Driver/Src/stm32f4xx_hal_tim_ex.o

.debug_aranges  0x0000000000000000      0x9f8
 .debug_aranges
                0x0000000000000000       0x20 ./Core/Src/gpio.o
 .debug_aranges
                0x0000000000000020       0x38 ./Core/Src/main.o
 .debug_aranges
                0x0000000000000058       0x20 ./Core/Src/stm32f4xx_hal_msp.o
 .debug_aranges
                0x0000000000000078       0x68 ./Core/Src/stm32f4xx_it.o
 .debug_aranges
                0x00000000000000e0       0x28 ./Core/Src/system_stm32f4xx.o
 .debug_aranges
                0x0000000000000108       0x30 ./Core/Src/tim.o
 .debug_aranges
                0x0000000000000138       0x28 ./Core/Startup/startup_stm32f446retx.o
 .debug_aranges
                0x0000000000000160       0xf0 ./Drivers/STM32F4xx_HAL_Driver/Src/stm32f4xx_hal.o
 .debug_aranges
                0x0000000000000250      0x118 ./Drivers/STM32F4xx_HAL_Driver/Src/stm32f4xx_hal_cortex.o
 .debug_aranges
                0x0000000000000368       0x58 ./Drivers/STM32F4xx_HAL_Driver/Src/stm32f4xx_hal_gpio.o
 .debug_aranges
                0x00000000000003c0       0x88 ./Drivers/STM32F4xx_HAL_Driver/Src/stm32f4xx_hal_rcc.o
 .debug_aranges
                0x0000000000000448       0x78 ./Drivers/STM32F4xx_HAL_Driver/Src/stm32f4xx_hal_rcc_ex.o
 .debug_aranges
                0x00000000000004c0      0x3d0 ./Drivers/STM32F4xx_HAL_Driver/Src/stm32f4xx_hal_tim.o
 .debug_aranges
                0x0000000000000890      0x168 ./Drivers/STM32F4xx_HAL_Driver/Src/stm32f4xx_hal_tim_ex.o

.debug_ranges   0x0000000000000000      0x920
 .debug_ranges  0x0000000000000000       0x10 ./Core/Src/gpio.o
 .debug_ranges  0x0000000000000010       0x28 ./Core/Src/main.o
 .debug_ranges  0x0000000000000038       0x10 ./Core/Src/stm32f4xx_hal_msp.o
 .debug_ranges  0x0000000000000048       0x58 ./Core/Src/stm32f4xx_it.o
 .debug_ranges  0x00000000000000a0       0x18 ./Core/Src/system_stm32f4xx.o
 .debug_ranges  0x00000000000000b8       0x20 ./Core/Src/tim.o
 .debug_ranges  0x00000000000000d8       0x20 ./Core/Startup/startup_stm32f446retx.o
 .debug_ranges  0x00000000000000f8       0xe0 ./Drivers/STM32F4xx_HAL_Driver/Src/stm32f4xx_hal.o
 .debug_ranges  0x00000000000001d8      0x108 ./Drivers/STM32F4xx_HAL_Driver/Src/stm32f4xx_hal_cortex.o
 .debug_ranges  0x00000000000002e0       0x48 ./Drivers/STM32F4xx_HAL_Driver/Src/stm32f4xx_hal_gpio.o
 .debug_ranges  0x0000000000000328       0x78 ./Drivers/STM32F4xx_HAL_Driver/Src/stm32f4xx_hal_rcc.o
 .debug_ranges  0x00000000000003a0       0x68 ./Drivers/STM32F4xx_HAL_Driver/Src/stm32f4xx_hal_rcc_ex.o
 .debug_ranges  0x0000000000000408      0x3c0 ./Drivers/STM32F4xx_HAL_Driver/Src/stm32f4xx_hal_tim.o
 .debug_ranges  0x00000000000007c8      0x158 ./Drivers/STM32F4xx_HAL_Driver/Src/stm32f4xx_hal_tim_ex.o

.debug_macro    0x0000000000000000    0x20d82
 .debug_macro   0x0000000000000000      0x1dd ./Core/Src/gpio.o
 .debug_macro   0x00000000000001dd      0xaa8 ./Core/Src/gpio.o
 .debug_macro   0x0000000000000c85      0x295 ./Core/Src/gpio.o
 .debug_macro   0x0000000000000f1a       0x2e ./Core/Src/gpio.o
 .debug_macro   0x0000000000000f48       0x28 ./Core/Src/gpio.o
 .debug_macro   0x0000000000000f70       0x22 ./Core/Src/gpio.o
 .debug_macro   0x0000000000000f92       0x8e ./Core/Src/gpio.o
 .debug_macro   0x0000000000001020       0x51 ./Core/Src/gpio.o
 .debug_macro   0x0000000000001071      0x103 ./Core/Src/gpio.o
 .debug_macro   0x0000000000001174       0x6a ./Core/Src/gpio.o
 .debug_macro   0x00000000000011de      0x1df ./Core/Src/gpio.o
 .debug_macro   0x00000000000013bd       0x1c ./Core/Src/gpio.o
 .debug_macro   0x00000000000013d9       0x22 ./Core/Src/gpio.o
 .debug_macro   0x00000000000013fb       0xdf ./Core/Src/gpio.o
 .debug_macro   0x00000000000014da     0x102d ./Core/Src/gpio.o
 .debug_macro   0x0000000000002507      0x11f ./Core/Src/gpio.o
 .debug_macro   0x0000000000002626    0x16749 ./Core/Src/gpio.o
 .debug_macro   0x0000000000018d6f       0x6d ./Core/Src/gpio.o
 .debug_macro   0x0000000000018ddc     0x3666 ./Core/Src/gpio.o
 .debug_macro   0x000000000001c442      0x174 ./Core/Src/gpio.o
 .debug_macro   0x000000000001c5b6       0x5c ./Core/Src/gpio.o
 .debug_macro   0x000000000001c612      0xc90 ./Core/Src/gpio.o
 .debug_macro   0x000000000001d2a2      0x9fe ./Core/Src/gpio.o
 .debug_macro   0x000000000001dca0      0x116 ./Core/Src/gpio.o
 .debug_macro   0x000000000001ddb6      0x1a0 ./Core/Src/gpio.o
 .debug_macro   0x000000000001df56       0xa5 ./Core/Src/gpio.o
 .debug_macro   0x000000000001dffb      0x16d ./Core/Src/gpio.o
 .debug_macro   0x000000000001e168      0x287 ./Core/Src/gpio.o
 .debug_macro   0x000000000001e3ef       0x5f ./Core/Src/gpio.o
 .debug_macro   0x000000000001e44e      0x236 ./Core/Src/gpio.o
 .debug_macro   0x000000000001e684      0x132 ./Core/Src/gpio.o
 .debug_macro   0x000000000001e7b6      0x29c ./Core/Src/gpio.o
 .debug_macro   0x000000000001ea52       0x2e ./Core/Src/gpio.o
 .debug_macro   0x000000000001ea80      0x11a ./Core/Src/gpio.o
 .debug_macro   0x000000000001eb9a       0xe8 ./Core/Src/gpio.o
 .debug_macro   0x000000000001ec82       0x89 ./Core/Src/gpio.o
 .debug_macro   0x000000000001ed0b      0x8d1 ./Core/Src/gpio.o
 .debug_macro   0x000000000001f5dc       0x4d ./Core/Src/gpio.o
 .debug_macro   0x000000000001f629      0x126 ./Core/Src/gpio.o
 .debug_macro   0x000000000001f74f       0x10 ./Core/Src/gpio.o
 .debug_macro   0x000000000001f75f      0x1eb ./Core/Src/main.o
 .debug_macro   0x000000000001f94a      0x1d3 ./Core/Src/stm32f4xx_hal_msp.o
 .debug_macro   0x000000000001fb1d      0x1dd ./Core/Src/stm32f4xx_it.o
 .debug_macro   0x000000000001fcfa      0x1c4 ./Core/Src/system_stm32f4xx.o
 .debug_macro   0x000000000001febe      0x1dd ./Core/Src/tim.o
 .debug_macro   0x000000000002009b      0x224 ./Drivers/STM32F4xx_HAL_Driver/Src/stm32f4xx_hal.o
 .debug_macro   0x00000000000202bf      0x1c4 ./Drivers/STM32F4xx_HAL_Driver/Src/stm32f4xx_hal_cortex.o
 .debug_macro   0x0000000000020483      0x1ca ./Drivers/STM32F4xx_HAL_Driver/Src/stm32f4xx_hal_gpio.o
 .debug_macro   0x000000000002064d      0x1e8 ./Drivers/STM32F4xx_HAL_Driver/Src/stm32f4xx_hal_rcc.o
 .debug_macro   0x0000000000020835      0x1c4 ./Drivers/STM32F4xx_HAL_Driver/Src/stm32f4xx_hal_rcc_ex.o
 .debug_macro   0x00000000000209f9      0x1c5 ./Drivers/STM32F4xx_HAL_Driver/Src/stm32f4xx_hal_tim.o
 .debug_macro   0x0000000000020bbe      0x1c4 ./Drivers/STM32F4xx_HAL_Driver/Src/stm32f4xx_hal_tim_ex.o

.debug_line     0x0000000000000000     0xbca9
 .debug_line    0x0000000000000000      0x6bb ./Core/Src/gpio.o
 .debug_line    0x00000000000006bb      0x749 ./Core/Src/main.o
 .debug_line    0x0000000000000e04      0x6af ./Core/Src/stm32f4xx_hal_msp.o
 .debug_line    0x00000000000014b3      0x789 ./Core/Src/stm32f4xx_it.o
 .debug_line    0x0000000000001c3c      0x730 ./Core/Src/system_stm32f4xx.o
 .debug_line    0x000000000000236c      0x709 ./Core/Src/tim.o
 .debug_line    0x0000000000002a75       0x88 ./Core/Startup/startup_stm32f446retx.o
 .debug_line    0x0000000000002afd      0x996 ./Drivers/STM32F4xx_HAL_Driver/Src/stm32f4xx_hal.o
 .debug_line    0x0000000000003493      0xc45 ./Drivers/STM32F4xx_HAL_Driver/Src/stm32f4xx_hal_cortex.o
 .debug_line    0x00000000000040d8      0xaf8 ./Drivers/STM32F4xx_HAL_Driver/Src/stm32f4xx_hal_gpio.o
 .debug_line    0x0000000000004bd0      0xd1c ./Drivers/STM32F4xx_HAL_Driver/Src/stm32f4xx_hal_rcc.o
 .debug_line    0x00000000000058ec     0x13a0 ./Drivers/STM32F4xx_HAL_Driver/Src/stm32f4xx_hal_rcc_ex.o
 .debug_line    0x0000000000006c8c     0x368a ./Drivers/STM32F4xx_HAL_Driver/Src/stm32f4xx_hal_tim.o
 .debug_line    0x000000000000a316     0x1993 ./Drivers/STM32F4xx_HAL_Driver/Src/stm32f4xx_hal_tim_ex.o

.debug_str      0x0000000000000000    0xca22a
 .debug_str     0x0000000000000000    0xc7154 ./Core/Src/gpio.o
                                      0xc73eb (size before relaxing)
 .debug_str     0x00000000000c7154      0x638 ./Core/Src/main.o
                                      0xc7a55 (size before relaxing)
 .debug_str     0x00000000000c778c       0x2c ./Core/Src/stm32f4xx_hal_msp.o
                                      0xc734e (size before relaxing)
 .debug_str     0x00000000000c77b8       0xd1 ./Core/Src/stm32f4xx_it.o
                                      0xc77f2 (size before relaxing)
 .debug_str     0x00000000000c7889       0xaf ./Core/Src/system_stm32f4xx.o
                                      0xc7399 (size before relaxing)
 .debug_str     0x00000000000c7938      0x5a6 ./Core/Src/tim.o
                                      0xc7e4d (size before relaxing)
 .debug_str     0x00000000000c7ede       0x36 ./Core/Startup/startup_stm32f446retx.o
                                         0x66 (size before relaxing)
 .debug_str     0x00000000000c7f14      0x58d ./Drivers/STM32F4xx_HAL_Driver/Src/stm32f4xx_hal.o
                                      0xc7ebc (size before relaxing)
 .debug_str     0x00000000000c84a1      0x39e ./Drivers/STM32F4xx_HAL_Driver/Src/stm32f4xx_hal_cortex.o
                                      0xc7c86 (size before relaxing)
 .debug_str     0x00000000000c883f      0x15f ./Drivers/STM32F4xx_HAL_Driver/Src/stm32f4xx_hal_gpio.o
                                      0xc7540 (size before relaxing)
 .debug_str     0x00000000000c899e      0x259 ./Drivers/STM32F4xx_HAL_Driver/Src/stm32f4xx_hal_rcc.o
                                      0xc77a0 (size before relaxing)
 .debug_str     0x00000000000c8bf7      0x324 ./Drivers/STM32F4xx_HAL_Driver/Src/stm32f4xx_hal_rcc_ex.o
                                      0xc77fd (size before relaxing)
 .debug_str     0x00000000000c8f1b      0xe21 ./Drivers/STM32F4xx_HAL_Driver/Src/stm32f4xx_hal_tim.o
                                      0xc86a3 (size before relaxing)
 .debug_str     0x00000000000c9d3c      0x4ee ./Drivers/STM32F4xx_HAL_Driver/Src/stm32f4xx_hal_tim_ex.o
                                      0xc7e54 (size before relaxing)

.comment        0x0000000000000000       0x53
 .comment       0x0000000000000000       0x53 ./Core/Src/gpio.o
                                         0x54 (size before relaxing)
 .comment       0x0000000000000053       0x54 ./Core/Src/main.o
 .comment       0x0000000000000053       0x54 ./Core/Src/stm32f4xx_hal_msp.o
 .comment       0x0000000000000053       0x54 ./Core/Src/stm32f4xx_it.o
 .comment       0x0000000000000053       0x54 ./Core/Src/system_stm32f4xx.o
 .comment       0x0000000000000053       0x54 ./Core/Src/tim.o
 .comment       0x0000000000000053       0x54 ./Drivers/STM32F4xx_HAL_Driver/Src/stm32f4xx_hal.o
 .comment       0x0000000000000053       0x54 ./Drivers/STM32F4xx_HAL_Driver/Src/stm32f4xx_hal_cortex.o
 .comment       0x0000000000000053       0x54 ./Drivers/STM32F4xx_HAL_Driver/Src/stm32f4xx_hal_gpio.o
 .comment       0x0000000000000053       0x54 ./Drivers/STM32F4xx_HAL_Driver/Src/stm32f4xx_hal_rcc.o
 .comment       0x0000000000000053       0x54 ./Drivers/STM32F4xx_HAL_Driver/Src/stm32f4xx_hal_rcc_ex.o
 .comment       0x0000000000000053       0x54 ./Drivers/STM32F4xx_HAL_Driver/Src/stm32f4xx_hal_tim.o
 .comment       0x0000000000000053       0x54 ./Drivers/STM32F4xx_HAL_Driver/Src/stm32f4xx_hal_tim_ex.o

.debug_frame    0x0000000000000000     0x28bc
 .debug_frame   0x0000000000000000       0x34 ./Core/Src/gpio.o
 .debug_frame   0x0000000000000034       0x8c ./Core/Src/main.o
 .debug_frame   0x00000000000000c0       0x38 ./Core/Src/stm32f4xx_hal_msp.o
 .debug_frame   0x00000000000000f8      0x120 ./Core/Src/stm32f4xx_it.o
 .debug_frame   0x0000000000000218       0x58 ./Core/Src/system_stm32f4xx.o
 .debug_frame   0x0000000000000270       0x7c ./Core/Src/tim.o
 .debug_frame   0x00000000000002ec      0x374 ./Drivers/STM32F4xx_HAL_Driver/Src/stm32f4xx_hal.o
 .debug_frame   0x0000000000000660      0x498 ./Drivers/STM32F4xx_HAL_Driver/Src/stm32f4xx_hal_cortex.o
 .debug_frame   0x0000000000000af8      0x14c ./Drivers/STM32F4xx_HAL_Driver/Src/stm32f4xx_hal_gpio.o
 .debug_frame   0x0000000000000c44      0x1ec ./Drivers/STM32F4xx_HAL_Driver/Src/stm32f4xx_hal_rcc.o
 .debug_frame   0x0000000000000e30      0x1e4 ./Drivers/STM32F4xx_HAL_Driver/Src/stm32f4xx_hal_rcc_ex.o
 .debug_frame   0x0000000000001014     0x11c4 ./Drivers/STM32F4xx_HAL_Driver/Src/stm32f4xx_hal_tim.o
 .debug_frame   0x00000000000021d8      0x638 ./Drivers/STM32F4xx_HAL_Driver/Src/stm32f4xx_hal_tim_ex.o
 .debug_frame   0x0000000000002810       0x2c c:/st/stm32cubeide_1.7.0/stm32cubeide/plugins/com.st.stm32cube.ide.mcu.externaltools.gnu-tools-for-stm32.9-2020-q2-update.win32_2.0.0.202105311346/tools/bin/../lib/gcc/arm-none-eabi/9.3.1/../../../../arm-none-eabi/lib/thumb/v7e-m+fp/hard\libc_nano.a(lib_a-init.o)
 .debug_frame   0x000000000000283c       0x20 c:/st/stm32cubeide_1.7.0/stm32cubeide/plugins/com.st.stm32cube.ide.mcu.externaltools.gnu-tools-for-stm32.9-2020-q2-update.win32_2.0.0.202105311346/tools/bin/../lib/gcc/arm-none-eabi/9.3.1/../../../../arm-none-eabi/lib/thumb/v7e-m+fp/hard\libc_nano.a(lib_a-memset.o)
 .debug_frame   0x000000000000285c       0x2c c:/st/stm32cubeide_1.7.0/stm32cubeide/plugins/com.st.stm32cube.ide.mcu.externaltools.gnu-tools-for-stm32.9-2020-q2-update.win32_2.0.0.202105311346/tools/bin/../lib/gcc/arm-none-eabi/9.3.1/thumb/v7e-m+fp/hard\libgcc.a(_aeabi_uldivmod.o)
 .debug_frame   0x0000000000002888       0x34 c:/st/stm32cubeide_1.7.0/stm32cubeide/plugins/com.st.stm32cube.ide.mcu.externaltools.gnu-tools-for-stm32.9-2020-q2-update.win32_2.0.0.202105311346/tools/bin/../lib/gcc/arm-none-eabi/9.3.1/thumb/v7e-m+fp/hard\libgcc.a(_udivmoddi4.o)
