lcd_driver.c:90:13:chipSelect	16	static
lcd_driver.c:95:13:registerSelect	16	static
lcd_driver.c:100:13:displayReset	8	static
lcd_driver.c:109:13:sendInstruction	16	static
lcd_driver.c:119:17:sendData	16	static
lcd_driver.c:127:6:lcd_setContrast	16	static
lcd_driver.c:138:6:lcd_init	8	static
lcd_driver.c:153:6:lcd_setPixel	16	static
lcd_driver.c:163:6:lcd_clear	16	static
lcd_driver.c:171:6:lcd_setChar	32	static
lcd_driver.c:189:6:lcd_setString	32	static
lcd_driver.c:201:6:lcd_setLine	56	static
lcd_driver.c:231:6:lcd_show	16	static
lcd_driver.c:242:6:lcd_setFrame	32	static
lcd_driver.c:255:6:lcd_setBar	32	static
lcd_driver.c:263:6:lcd_setSymbol8	32	static
lcd_driver.c:274:6:lcd_setBackgroundLight	16	static
